// Jest Snapshot v1, https://goo.gl/fbAQLP

exports[`uniq throw for undefined or null 1`] = `"Cannot call method on undefined"`;

exports[`uniq throw for undefined or null 2`] = `"Cannot call method on undefined"`;

exports[`uniq throw for undefined or null 3`] = `"Cannot call method on null"`;
